MPLINK 4.22, Linker
Linker Map File - Created Fri Jan 09 14:41:30 2009

                                 Section Info
                  Section       Type    Address   Location Size(Bytes)
                ---------  ---------  ---------  ---------  ---------
               _entry_scn       code   0x000000    program   0x000006
               highVector       code   0x000008    program   0x000006
                lowVector       code   0x000018    program   0x000006
                   .cinit    romdata   0x00002a    program   0x00001a
       .romdata_display.o    romdata   0x000044    program   0x0048ee
          .code_display.o       code   0x004932    program   0x001a58
          .code_ap-main.o       code   0x00638a    program   0x0007aa
    .code_display-model.o       code   0x006b34    program   0x000284
               _cinit_scn       code   0x006db8    program   0x00009e
       .romdata_ap-main.o    romdata   0x006e56    program   0x00004d
        .romdata___init.o    romdata   0x006ea3    program   0x000000
        .idata___init.o_i    romdata   0x006ea3    program   0x000000
 .romdata_display-model.o    romdata   0x006ea3    program   0x000000
 .idata_display-model.o_i    romdata   0x006ea3    program   0x000000
         .idata_c018i.o_i    romdata   0x006ea3    program   0x000000
         .romdata_c018i.o    romdata   0x006ea3    program   0x000000
             .stringtable    romdata   0x006ea3    program   0x000000
            .code_c018i.o       code   0x006ea4    program   0x000000
                     PROG       code   0x006ea4    program   0x00003c
             _startup_scn       code   0x006ee0    program   0x00001c
                    .code       code   0x006efc    program   0x00000e
           .code___init.o       code   0x006f0a    program   0x000002
       .idata_display.o_i    romdata   0x006f0c    program   0x00000a
       .idata_ap-main.o_i    romdata   0x006f16    program   0x00000c
 .config_300001_ap-main.o    romdata   0x300001    program   0x000001
 .config_300002_ap-main.o    romdata   0x300002    program   0x000001
 .config_300003_ap-main.o    romdata   0x300003    program   0x000001
 .config_300005_ap-main.o    romdata   0x300005    program   0x000001
 .config_300006_ap-main.o    romdata   0x300006    program   0x000001
 .config_300008_ap-main.o    romdata   0x300008    program   0x000001
 .config_300009_ap-main.o    romdata   0x300009    program   0x000001
 .config_30000a_ap-main.o    romdata   0x30000a    program   0x000001
 .config_30000b_ap-main.o    romdata   0x30000b    program   0x000001
 .config_30000c_ap-main.o    romdata   0x30000c    program   0x000001
 .config_30000d_ap-main.o    romdata   0x30000d    program   0x000001
                MATH_DATA      udata   0x000000       data   0x000014
                 .tmpdata      udata   0x000014       data   0x000009
                  acssect      udata   0x00001d       data   0x000002
         .idata_ap-main.o      idata   0x000080       data   0x00000c
           .udata_c018i.o      udata   0x00008c       data   0x00000a
         .udata_ap-main.o      udata   0x000096       data   0x00000a
         .idata_display.o      idata   0x0000a0       data   0x00000a
         .udata_display.o      udata   0x0000aa       data   0x000005
           .idata_c018i.o      idata   0x0000af       data   0x000000
   .udata_display-model.o      udata   0x0000af       data   0x000000
   .idata_display-model.o      idata   0x0000af       data   0x000000
          .udata___init.o      udata   0x0000af       data   0x000000
          .idata___init.o      idata   0x0000af       data   0x000000
                   .stack      udata   0x000d00       data   0x000100
            SFR_UNBANKED0      udata   0x000f80       data   0x000080



                              Program Memory Usage 
                               Start         End      
                           ---------   ---------      
                            0x000000    0x000005      
                            0x000008    0x00000d      
                            0x000018    0x00001d      
                            0x00002a    0x006ea2      
                            0x006ea4    0x006f21      
                            0x300001    0x300003      
                            0x300005    0x300006      
                            0x300008    0x30000d      
            28436 out of 66584 program addresses used, program memory utilization is 42%



                              Symbols - Sorted by Name
                     Name    Address   Location    Storage File                     
                ---------  ---------  ---------  --------- ---------                
                 FXM1616U   0x006ea4    program     extern C:\MCC18\src\traditional\math\fxm1616u.asm
         ___else_lbl00004   0x006c22    program     static                          
         ___else_lbl00060   0x006a8a    program     static                          
         ___else_lbl00065   0x006aa6    program     static                          
           ___if_lbl00003   0x006c64    program     static                          
           ___if_lbl00022   0x0064e6    program     static                          
           ___if_lbl00024   0x0064f6    program     static                          
           ___if_lbl00025   0x0064f6    program     static                          
           ___if_lbl00056   0x006a44    program     static                          
           ___if_lbl00057   0x006a5a    program     static                          
           ___if_lbl00058   0x006a64    program     static                          
           ___if_lbl00059   0x006a90    program     static                          
           ___if_lbl00061   0x006a90    program     static                          
           ___if_lbl00062   0x006aa4    program     static                          
           ___if_lbl00063   0x006ab6    program     static                          
           ___if_lbl00064   0x006ab6    program     static                          
           ___if_lbl00066   0x006ad6    program     static                          
           ___if_lbl00067   0x006aec    program     static                          
           ___if_lbl00068   0x006aec    program     static                          
           ___if_lbl00069   0x006afc    program     static                          
           ___if_lbl00070   0x006afc    program     static                          
           ___if_lbl00071   0x006afc    program     static                          
       ___return_lbl00000   0x00642c    program     static                          
       ___return_lbl00000   0x000004    program     static                          
       ___return_lbl00001   0x006efa    program     static                          
       ___return_lbl00001   0x0064f8    program     static                          
       ___return_lbl00002   0x006e54    program     static                          
       ___return_lbl00002   0x006c8e    program     static                          
       ___return_lbl00008   0x006db0    program     static                          
       ___return_lbl00052   0x00000c    program     static                          
       ___return_lbl00053   0x00001c    program     static                          
       ___return_lbl00054   0x006afc    program     static                          
        ___while_lbl00002   0x006430    program     static                          
        ___while_lbl00003   0x0064f8    program     static                          
        ___while_lbl00004   0x006442    program     static                          
        ___while_lbl00005   0x00644e    program     static                          
        ___while_lbl00006   0x006456    program     static                          
        ___while_lbl00007   0x006462    program     static                          
        ___while_lbl00008   0x006466    program     static                          
        ___while_lbl00009   0x006480    program     static                          
        ___while_lbl00010   0x006474    program     static                          
        ___while_lbl00011   0x00647e    program     static                          
        ___while_lbl00012   0x006488    program     static                          
        ___while_lbl00013   0x006494    program     static                          
        ___while_lbl00014   0x00649e    program     static                          
        ___while_lbl00015   0x0064b0    program     static                          
        ___while_lbl00016   0x0064aa    program     static                          
        ___while_lbl00017   0x0064ae    program     static                          
        ___while_lbl00018   0x0064be    program     static                          
        ___while_lbl00019   0x0064ca    program     static                          
        ___while_lbl00020   0x0064d8    program     static                          
        ___while_lbl00021   0x0064e4    program     static                          
               __config_0   0x300001    program     static C:\_EC\_PROJ\2034 Mono LCD Driver\firm\V1-03\ap-main.c
               __config_1   0x300002    program     static C:\_EC\_PROJ\2034 Mono LCD Driver\firm\V1-03\ap-main.c
              __config_10   0x30000d    program     static C:\_EC\_PROJ\2034 Mono LCD Driver\firm\V1-03\ap-main.c
               __config_2   0x300003    program     static C:\_EC\_PROJ\2034 Mono LCD Driver\firm\V1-03\ap-main.c
               __config_3   0x300005    program     static C:\_EC\_PROJ\2034 Mono LCD Driver\firm\V1-03\ap-main.c
               __config_4   0x300006    program     static C:\_EC\_PROJ\2034 Mono LCD Driver\firm\V1-03\ap-main.c
               __config_5   0x300008    program     static C:\_EC\_PROJ\2034 Mono LCD Driver\firm\V1-03\ap-main.c
               __config_6   0x300009    program     static C:\_EC\_PROJ\2034 Mono LCD Driver\firm\V1-03\ap-main.c
               __config_7   0x30000a    program     static C:\_EC\_PROJ\2034 Mono LCD Driver\firm\V1-03\ap-main.c
               __config_8   0x30000b    program     static C:\_EC\_PROJ\2034 Mono LCD Driver\firm\V1-03\ap-main.c
               __config_9   0x30000c    program     static C:\_EC\_PROJ\2034 Mono LCD Driver\firm\V1-03\ap-main.c
                   __init   0x006f0a    program     extern C:\MCC18\src\traditional\stdclib\__init.c
               __tmplbl_0   0x0064f2    program     static                          
               __tmplbl_1   0x0064ec    program     static                          
               __tmplbl_2   0x006a1a    program     static                          
               __tmplbl_3   0x006a14    program     static                          
              __tmplbl_42   0x00597e    program     static                          
              __tmplbl_43   0x00597e    program     static                          
              __tmplbl_44   0x00597e    program     static                          
              __tmplbl_49   0x00597e    program     static                          
              __tmplbl_50   0x00597e    program     static                          
              __tmplbl_51   0x00597e    program     static                          
              __tmplbl_52   0x00597e    program     static                          
            __zero_memory   0x006efc    program     extern C:\MCC18\src\traditional\proc\p18F4620.asm
                _do_cinit   0x006db8    program     extern C:\MCC18\src\traditional\startup\c018i.c
                   _entry   0x000000    program     extern C:\MCC18\src\traditional\startup\c018i.c
                 _startup   0x006ee0    program     extern C:\MCC18\src\traditional\startup\c018i.c
             athighvector   0x000008    program     extern C:\_EC\_PROJ\2034 Mono LCD Driver\firm\V1-03\ap-main.c
              atlowvector   0x000018    program     extern C:\_EC\_PROJ\2034 Mono LCD Driver\firm\V1-03\ap-main.c
               clear_loop   0x006f02    program     static C:\MCC18\src\traditional\proc\p18F4620.asm
                copy_loop   0x006e2a    program     static                          
            copy_one_byte   0x006e30    program     static                          
           display_bitmap   0x004a68    program     extern C:\_EC\_PROJ\2034 Mono LCD Driver\firm\V1-03\display.c
display_byte_ordering_test_sequence   0x0062d2    program     extern C:\_EC\_PROJ\2034 Mono LCD Driver\firm\V1-03\display.c
     display_clear_screen   0x0049cc    program     extern C:\_EC\_PROJ\2034 Mono LCD Driver\firm\V1-03\display.c
     display_const_string   0x005992    program     extern C:\_EC\_PROJ\2034 Mono LCD Driver\firm\V1-03\display.c
         display_delay_ms   0x004932    program     extern C:\_EC\_PROJ\2034 Mono LCD Driver\firm\V1-03\display.c
       display_initialise   0x0049a4    program     extern C:\_EC\_PROJ\2034 Mono LCD Driver\firm\V1-03\display.c
 display_model_initialise   0x006b34    program     extern C:\_EC\_PROJ\2034 Mono LCD Driver\firm\V1-03\display-model.c
display_model_set_contrast   0x006bba    program     extern C:\_EC\_PROJ\2034 Mono LCD Driver\firm\V1-03\display-model.c
      display_set_address   0x006c98    program     extern C:\_EC\_PROJ\2034 Mono LCD Driver\firm\V1-03\display-model.c
     display_set_contrast   0x0049b0    program     extern C:\_EC\_PROJ\2034 Mono LCD Driver\firm\V1-03\display.c
  display_variable_string   0x005e34    program     extern C:\_EC\_PROJ\2034 Mono LCD Driver\firm\V1-03\display.c
display_write_bitmap_byte   0x006be6    program     extern C:\_EC\_PROJ\2034 Mono LCD Driver\firm\V1-03\display-model.c
    display_write_command   0x006d92    program     extern C:\_EC\_PROJ\2034 Mono LCD Driver\firm\V1-03\display-model.c
                     done   0x006e54    program     static                          
             done_copying   0x006e3e    program     static                          
           ec_logo_128x64   0x000044    program     extern C:\_EC\_PROJ\2034 Mono LCD Driver\firm\V1-03\bitmaps\output\cbitmaps.h
            ec_logo_64x37   0x000449    program     extern C:\_EC\_PROJ\2034 Mono LCD Driver\firm\V1-03\bitmaps\output\cbitmaps.h
               font_05x05   0x00058e    program     extern C:\_EC\_PROJ\2034 Mono LCD Driver\firm\V1-03\bitmaps\output\cbitmaps.h
               font_05x07   0x00080e    program     extern C:\_EC\_PROJ\2034 Mono LCD Driver\firm\V1-03\bitmaps\output\cbitmaps.h
               font_06x10   0x000a8e    program     extern C:\_EC\_PROJ\2034 Mono LCD Driver\firm\V1-03\bitmaps\output\cbitmaps.h
               font_07x13   0x001087    program     extern C:\_EC\_PROJ\2034 Mono LCD Driver\firm\V1-03\bitmaps\output\cbitmaps.h
               font_23x26   0x00177e    program     extern C:\_EC\_PROJ\2034 Mono LCD Driver\firm\V1-03\bitmaps\output\cbitmaps.h
              graph_pixel   0x004527    program     extern C:\_EC\_PROJ\2034 Mono LCD Driver\firm\V1-03\bitmaps\output\cbitmaps.h
                 graph_xy   0x00452d    program     extern C:\_EC\_PROJ\2034 Mono LCD Driver\firm\V1-03\bitmaps\output\cbitmaps.h
               initialise   0x00638a    program     extern C:\_EC\_PROJ\2034 Mono LCD Driver\firm\V1-03\ap-main.c
            interruptisrh   0x0069fa    program     extern C:\_EC\_PROJ\2034 Mono LCD Driver\firm\V1-03\ap-main.c
            interruptisrl   0x006b0e    program     extern C:\_EC\_PROJ\2034 Mono LCD Driver\firm\V1-03\ap-main.c
                     loop   0x006ef0    program     static                          
                     main   0x00642e    program     extern C:\_EC\_PROJ\2034 Mono LCD Driver\firm\V1-03\ap-main.c
             process_mode   0x00654a    program     extern C:\_EC\_PROJ\2034 Mono LCD Driver\firm\V1-03\ap-main.c
            read_switches   0x0064fa    program     extern C:\_EC\_PROJ\2034 Mono LCD Driver\firm\V1-03\ap-main.c
               string_5x5   0x006e66    program     extern C:\_EC\_PROJ\2034 Mono LCD Driver\firm\V1-03\ap-main.c
               string_5x7   0x006e6a    program     extern C:\_EC\_PROJ\2034 Mono LCD Driver\firm\V1-03\ap-main.c
              string_6x10   0x006e6e    program     extern C:\_EC\_PROJ\2034 Mono LCD Driver\firm\V1-03\ap-main.c
              string_7x13   0x006e73    program     extern C:\_EC\_PROJ\2034 Mono LCD Driver\firm\V1-03\ap-main.c
         string_monospace   0x006e78    program     extern C:\_EC\_PROJ\2034 Mono LCD Driver\firm\V1-03\ap-main.c
      string_proportional   0x006e8e    program     extern C:\_EC\_PROJ\2034 Mono LCD Driver\firm\V1-03\ap-main.c
    string_standard_fonts   0x006e56    program     extern C:\_EC\_PROJ\2034 Mono LCD Driver\firm\V1-03\ap-main.c
                     test   0x006dd2    program     static                          
                   ADCON0   0x000fc2       data     extern C:\MCC18\src\traditional\proc\p18F4620.asm
               ADCON0bits   0x000fc2       data     extern C:\MCC18\src\traditional\proc\p18F4620.asm
                   ADCON1   0x000fc1       data     extern C:\MCC18\src\traditional\proc\p18F4620.asm
               ADCON1bits   0x000fc1       data     extern C:\MCC18\src\traditional\proc\p18F4620.asm
                   ADCON2   0x000fc0       data     extern C:\MCC18\src\traditional\proc\p18F4620.asm
               ADCON2bits   0x000fc0       data     extern C:\MCC18\src\traditional\proc\p18F4620.asm
                    ADRES   0x000fc3       data     extern C:\MCC18\src\traditional\proc\p18F4620.asm
                   ADRESH   0x000fc4       data     extern C:\MCC18\src\traditional\proc\p18F4620.asm
                   ADRESL   0x000fc3       data     extern C:\MCC18\src\traditional\proc\p18F4620.asm
                  BAUDCON   0x000fb8       data     extern C:\MCC18\src\traditional\proc\p18F4620.asm
              BAUDCONbits   0x000fb8       data     extern C:\MCC18\src\traditional\proc\p18F4620.asm
                  BAUDCTL   0x000fb8       data     extern C:\MCC18\src\traditional\proc\p18F4620.asm
              BAUDCTLbits   0x000fb8       data     extern C:\MCC18\src\traditional\proc\p18F4620.asm
                      BSR   0x000fe0       data     extern C:\MCC18\src\traditional\proc\p18F4620.asm
                  CCP1CON   0x000fbd       data     extern C:\MCC18\src\traditional\proc\p18F4620.asm
              CCP1CONbits   0x000fbd       data     extern C:\MCC18\src\traditional\proc\p18F4620.asm
                  CCP2CON   0x000fba       data     extern C:\MCC18\src\traditional\proc\p18F4620.asm
              CCP2CONbits   0x000fba       data     extern C:\MCC18\src\traditional\proc\p18F4620.asm
                    CCPR1   0x000fbe       data     extern C:\MCC18\src\traditional\proc\p18F4620.asm
                   CCPR1H   0x000fbf       data     extern C:\MCC18\src\traditional\proc\p18F4620.asm
                   CCPR1L   0x000fbe       data     extern C:\MCC18\src\traditional\proc\p18F4620.asm
                    CCPR2   0x000fbb       data     extern C:\MCC18\src\traditional\proc\p18F4620.asm
                   CCPR2H   0x000fbc       data     extern C:\MCC18\src\traditional\proc\p18F4620.asm
                   CCPR2L   0x000fbb       data     extern C:\MCC18\src\traditional\proc\p18F4620.asm
                    CMCON   0x000fb4       data     extern C:\MCC18\src\traditional\proc\p18F4620.asm
                CMCONbits   0x000fb4       data     extern C:\MCC18\src\traditional\proc\p18F4620.asm
                   CVRCON   0x000fb5       data     extern C:\MCC18\src\traditional\proc\p18F4620.asm
               CVRCONbits   0x000fb5       data     extern C:\MCC18\src\traditional\proc\p18F4620.asm
                     DDRA   0x000f92       data     extern C:\MCC18\src\traditional\proc\p18F4620.asm
                 DDRAbits   0x000f92       data     extern C:\MCC18\src\traditional\proc\p18F4620.asm
                     DDRB   0x000f93       data     extern C:\MCC18\src\traditional\proc\p18F4620.asm
                 DDRBbits   0x000f93       data     extern C:\MCC18\src\traditional\proc\p18F4620.asm
                     DDRC   0x000f94       data     extern C:\MCC18\src\traditional\proc\p18F4620.asm
                 DDRCbits   0x000f94       data     extern C:\MCC18\src\traditional\proc\p18F4620.asm
                     DDRD   0x000f95       data     extern C:\MCC18\src\traditional\proc\p18F4620.asm
                 DDRDbits   0x000f95       data     extern C:\MCC18\src\traditional\proc\p18F4620.asm
                     DDRE   0x000f96       data     extern C:\MCC18\src\traditional\proc\p18F4620.asm
                 DDREbits   0x000f96       data     extern C:\MCC18\src\traditional\proc\p18F4620.asm
                    DEBUG   0x000fd4       data     extern C:\MCC18\src\traditional\proc\p18F4620.asm
                  ECCP1AS   0x000fb6       data     extern C:\MCC18\src\traditional\proc\p18F4620.asm
              ECCP1ASbits   0x000fb6       data     extern C:\MCC18\src\traditional\proc\p18F4620.asm
                    EEADR   0x000fa9       data     extern C:\MCC18\src\traditional\proc\p18F4620.asm
                   EEADRH   0x000faa       data     extern C:\MCC18\src\traditional\proc\p18F4620.asm
                   EECON1   0x000fa6       data     extern C:\MCC18\src\traditional\proc\p18F4620.asm
               EECON1bits   0x000fa6       data     extern C:\MCC18\src\traditional\proc\p18F4620.asm
                   EECON2   0x000fa7       data     extern C:\MCC18\src\traditional\proc\p18F4620.asm
                   EEDATA   0x000fa8       data     extern C:\MCC18\src\traditional\proc\p18F4620.asm
                     FSR0   0x000fe9       data     extern C:\MCC18\src\traditional\proc\p18F4620.asm
                    FSR0H   0x000fea       data     extern C:\MCC18\src\traditional\proc\p18F4620.asm
                    FSR0L   0x000fe9       data     extern C:\MCC18\src\traditional\proc\p18F4620.asm
                     FSR1   0x000fe1       data     extern C:\MCC18\src\traditional\proc\p18F4620.asm
                    FSR1H   0x000fe2       data     extern C:\MCC18\src\traditional\proc\p18F4620.asm
                    FSR1L   0x000fe1       data     extern C:\MCC18\src\traditional\proc\p18F4620.asm
                     FSR2   0x000fd9       data     extern C:\MCC18\src\traditional\proc\p18F4620.asm
                    FSR2H   0x000fda       data     extern C:\MCC18\src\traditional\proc\p18F4620.asm
                    FSR2L   0x000fd9       data     extern C:\MCC18\src\traditional\proc\p18F4620.asm
                  HLVDCON   0x000fd2       data     extern C:\MCC18\src\traditional\proc\p18F4620.asm
              HLVDCONbits   0x000fd2       data     extern C:\MCC18\src\traditional\proc\p18F4620.asm
                    INDF0   0x000fef       data     extern C:\MCC18\src\traditional\proc\p18F4620.asm
                    INDF1   0x000fe7       data     extern C:\MCC18\src\traditional\proc\p18F4620.asm
                    INDF2   0x000fdf       data     extern C:\MCC18\src\traditional\proc\p18F4620.asm
                   INTCON   0x000ff2       data     extern C:\MCC18\src\traditional\proc\p18F4620.asm
                  INTCON2   0x000ff1       data     extern C:\MCC18\src\traditional\proc\p18F4620.asm
              INTCON2bits   0x000ff1       data     extern C:\MCC18\src\traditional\proc\p18F4620.asm
                  INTCON3   0x000ff0       data     extern C:\MCC18\src\traditional\proc\p18F4620.asm
              INTCON3bits   0x000ff0       data     extern C:\MCC18\src\traditional\proc\p18F4620.asm
               INTCONbits   0x000ff2       data     extern C:\MCC18\src\traditional\proc\p18F4620.asm
                     IPR1   0x000f9f       data     extern C:\MCC18\src\traditional\proc\p18F4620.asm
                 IPR1bits   0x000f9f       data     extern C:\MCC18\src\traditional\proc\p18F4620.asm
                     IPR2   0x000fa2       data     extern C:\MCC18\src\traditional\proc\p18F4620.asm
                 IPR2bits   0x000fa2       data     extern C:\MCC18\src\traditional\proc\p18F4620.asm
                     LATA   0x000f89       data     extern C:\MCC18\src\traditional\proc\p18F4620.asm
                 LATAbits   0x000f89       data     extern C:\MCC18\src\traditional\proc\p18F4620.asm
                     LATB   0x000f8a       data     extern C:\MCC18\src\traditional\proc\p18F4620.asm
                 LATBbits   0x000f8a       data     extern C:\MCC18\src\traditional\proc\p18F4620.asm
                     LATC   0x000f8b       data     extern C:\MCC18\src\traditional\proc\p18F4620.asm
                 LATCbits   0x000f8b       data     extern C:\MCC18\src\traditional\proc\p18F4620.asm
                     LATD   0x000f8c       data     extern C:\MCC18\src\traditional\proc\p18F4620.asm
                 LATDbits   0x000f8c       data     extern C:\MCC18\src\traditional\proc\p18F4620.asm
                     LATE   0x000f8d       data     extern C:\MCC18\src\traditional\proc\p18F4620.asm
                 LATEbits   0x000f8d       data     extern C:\MCC18\src\traditional\proc\p18F4620.asm
                   LVDCON   0x000fd2       data     extern C:\MCC18\src\traditional\proc\p18F4620.asm
               LVDCONbits   0x000fd2       data     extern C:\MCC18\src\traditional\proc\p18F4620.asm
                   OSCCON   0x000fd3       data     extern C:\MCC18\src\traditional\proc\p18F4620.asm
               OSCCONbits   0x000fd3       data     extern C:\MCC18\src\traditional\proc\p18F4620.asm
                  OSCTUNE   0x000f9b       data     extern C:\MCC18\src\traditional\proc\p18F4620.asm
              OSCTUNEbits   0x000f9b       data     extern C:\MCC18\src\traditional\proc\p18F4620.asm
                       PC   0x000ff9       data     extern C:\MCC18\src\traditional\proc\p18F4620.asm
                      PCL   0x000ff9       data     extern C:\MCC18\src\traditional\proc\p18F4620.asm
                   PCLATH   0x000ffa       data     extern C:\MCC18\src\traditional\proc\p18F4620.asm
                   PCLATU   0x000ffb       data     extern C:\MCC18\src\traditional\proc\p18F4620.asm
                     PIE1   0x000f9d       data     extern C:\MCC18\src\traditional\proc\p18F4620.asm
                 PIE1bits   0x000f9d       data     extern C:\MCC18\src\traditional\proc\p18F4620.asm
                     PIE2   0x000fa0       data     extern C:\MCC18\src\traditional\proc\p18F4620.asm
                 PIE2bits   0x000fa0       data     extern C:\MCC18\src\traditional\proc\p18F4620.asm
                     PIR1   0x000f9e       data     extern C:\MCC18\src\traditional\proc\p18F4620.asm
                 PIR1bits   0x000f9e       data     extern C:\MCC18\src\traditional\proc\p18F4620.asm
                     PIR2   0x000fa1       data     extern C:\MCC18\src\traditional\proc\p18F4620.asm
                 PIR2bits   0x000fa1       data     extern C:\MCC18\src\traditional\proc\p18F4620.asm
                   PLUSW0   0x000feb       data     extern C:\MCC18\src\traditional\proc\p18F4620.asm
                   PLUSW1   0x000fe3       data     extern C:\MCC18\src\traditional\proc\p18F4620.asm
                   PLUSW2   0x000fdb       data     extern C:\MCC18\src\traditional\proc\p18F4620.asm
                    PORTA   0x000f80       data     extern C:\MCC18\src\traditional\proc\p18F4620.asm
                PORTAbits   0x000f80       data     extern C:\MCC18\src\traditional\proc\p18F4620.asm
                    PORTB   0x000f81       data     extern C:\MCC18\src\traditional\proc\p18F4620.asm
                PORTBbits   0x000f81       data     extern C:\MCC18\src\traditional\proc\p18F4620.asm
                    PORTC   0x000f82       data     extern C:\MCC18\src\traditional\proc\p18F4620.asm
                PORTCbits   0x000f82       data     extern C:\MCC18\src\traditional\proc\p18F4620.asm
                    PORTD   0x000f83       data     extern C:\MCC18\src\traditional\proc\p18F4620.asm
                PORTDbits   0x000f83       data     extern C:\MCC18\src\traditional\proc\p18F4620.asm
                    PORTE   0x000f84       data     extern C:\MCC18\src\traditional\proc\p18F4620.asm
                PORTEbits   0x000f84       data     extern C:\MCC18\src\traditional\proc\p18F4620.asm
                 POSTDEC0   0x000fed       data     extern C:\MCC18\src\traditional\proc\p18F4620.asm
                 POSTDEC1   0x000fe5       data     extern C:\MCC18\src\traditional\proc\p18F4620.asm
                 POSTDEC2   0x000fdd       data     extern C:\MCC18\src\traditional\proc\p18F4620.asm
                 POSTINC0   0x000fee       data     extern C:\MCC18\src\traditional\proc\p18F4620.asm
                 POSTINC1   0x000fe6       data     extern C:\MCC18\src\traditional\proc\p18F4620.asm
                 POSTINC2   0x000fde       data     extern C:\MCC18\src\traditional\proc\p18F4620.asm
                      PR2   0x000fcb       data     extern C:\MCC18\src\traditional\proc\p18F4620.asm
                  PREINC0   0x000fec       data     extern C:\MCC18\src\traditional\proc\p18F4620.asm
                  PREINC1   0x000fe4       data     extern C:\MCC18\src\traditional\proc\p18F4620.asm
                  PREINC2   0x000fdc       data     extern C:\MCC18\src\traditional\proc\p18F4620.asm
                     PROD   0x000ff3       data     extern C:\MCC18\src\traditional\proc\p18F4620.asm
                    PRODH   0x000ff4       data     extern C:\MCC18\src\traditional\proc\p18F4620.asm
                    PRODL   0x000ff3       data     extern C:\MCC18\src\traditional\proc\p18F4620.asm
                  PWM1CON   0x000fb7       data     extern C:\MCC18\src\traditional\proc\p18F4620.asm
              PWM1CONbits   0x000fb7       data     extern C:\MCC18\src\traditional\proc\p18F4620.asm
                     RCON   0x000fd0       data     extern C:\MCC18\src\traditional\proc\p18F4620.asm
                 RCONbits   0x000fd0       data     extern C:\MCC18\src\traditional\proc\p18F4620.asm
                    RCREG   0x000fae       data     extern C:\MCC18\src\traditional\proc\p18F4620.asm
                    RCSTA   0x000fab       data     extern C:\MCC18\src\traditional\proc\p18F4620.asm
                RCSTAbits   0x000fab       data     extern C:\MCC18\src\traditional\proc\p18F4620.asm
                     SIGN   0x000000       data     extern C:\MCC18\src\traditional\math\cmath18.asm
                    SPBRG   0x000faf       data     extern C:\MCC18\src\traditional\proc\p18F4620.asm
                   SPBRGH   0x000fb0       data     extern C:\MCC18\src\traditional\proc\p18F4620.asm
                   SSPADD   0x000fc8       data     extern C:\MCC18\src\traditional\proc\p18F4620.asm
                   SSPBUF   0x000fc9       data     extern C:\MCC18\src\traditional\proc\p18F4620.asm
                  SSPCON1   0x000fc6       data     extern C:\MCC18\src\traditional\proc\p18F4620.asm
              SSPCON1bits   0x000fc6       data     extern C:\MCC18\src\traditional\proc\p18F4620.asm
                  SSPCON2   0x000fc5       data     extern C:\MCC18\src\traditional\proc\p18F4620.asm
              SSPCON2bits   0x000fc5       data     extern C:\MCC18\src\traditional\proc\p18F4620.asm
                  SSPSTAT   0x000fc7       data     extern C:\MCC18\src\traditional\proc\p18F4620.asm
              SSPSTATbits   0x000fc7       data     extern C:\MCC18\src\traditional\proc\p18F4620.asm
                   STATUS   0x000fd8       data     extern C:\MCC18\src\traditional\proc\p18F4620.asm
               STATUSbits   0x000fd8       data     extern C:\MCC18\src\traditional\proc\p18F4620.asm
                   STKPTR   0x000ffc       data     extern C:\MCC18\src\traditional\proc\p18F4620.asm
               STKPTRbits   0x000ffc       data     extern C:\MCC18\src\traditional\proc\p18F4620.asm
                    T0CON   0x000fd5       data     extern C:\MCC18\src\traditional\proc\p18F4620.asm
                T0CONbits   0x000fd5       data     extern C:\MCC18\src\traditional\proc\p18F4620.asm
                    T1CON   0x000fcd       data     extern C:\MCC18\src\traditional\proc\p18F4620.asm
                T1CONbits   0x000fcd       data     extern C:\MCC18\src\traditional\proc\p18F4620.asm
                    T2CON   0x000fca       data     extern C:\MCC18\src\traditional\proc\p18F4620.asm
                T2CONbits   0x000fca       data     extern C:\MCC18\src\traditional\proc\p18F4620.asm
                    T3CON   0x000fb1       data     extern C:\MCC18\src\traditional\proc\p18F4620.asm
                T3CONbits   0x000fb1       data     extern C:\MCC18\src\traditional\proc\p18F4620.asm
                   TABLAT   0x000ff5       data     extern C:\MCC18\src\traditional\proc\p18F4620.asm
                   TBLPTR   0x000ff6       data     extern C:\MCC18\src\traditional\proc\p18F4620.asm
                  TBLPTRH   0x000ff7       data     extern C:\MCC18\src\traditional\proc\p18F4620.asm
                  TBLPTRL   0x000ff6       data     extern C:\MCC18\src\traditional\proc\p18F4620.asm
                  TBLPTRU   0x000ff8       data     extern C:\MCC18\src\traditional\proc\p18F4620.asm
                    TMR0H   0x000fd7       data     extern C:\MCC18\src\traditional\proc\p18F4620.asm
                    TMR0L   0x000fd6       data     extern C:\MCC18\src\traditional\proc\p18F4620.asm
                    TMR1H   0x000fcf       data     extern C:\MCC18\src\traditional\proc\p18F4620.asm
                    TMR1L   0x000fce       data     extern C:\MCC18\src\traditional\proc\p18F4620.asm
                     TMR2   0x000fcc       data     extern C:\MCC18\src\traditional\proc\p18F4620.asm
                    TMR3H   0x000fb3       data     extern C:\MCC18\src\traditional\proc\p18F4620.asm
                    TMR3L   0x000fb2       data     extern C:\MCC18\src\traditional\proc\p18F4620.asm
                      TOS   0x000ffd       data     extern C:\MCC18\src\traditional\proc\p18F4620.asm
                     TOSH   0x000ffe       data     extern C:\MCC18\src\traditional\proc\p18F4620.asm
                     TOSL   0x000ffd       data     extern C:\MCC18\src\traditional\proc\p18F4620.asm
                     TOSU   0x000fff       data     extern C:\MCC18\src\traditional\proc\p18F4620.asm
                    TRISA   0x000f92       data     extern C:\MCC18\src\traditional\proc\p18F4620.asm
                TRISAbits   0x000f92       data     extern C:\MCC18\src\traditional\proc\p18F4620.asm
                    TRISB   0x000f93       data     extern C:\MCC18\src\traditional\proc\p18F4620.asm
                TRISBbits   0x000f93       data     extern C:\MCC18\src\traditional\proc\p18F4620.asm
                    TRISC   0x000f94       data     extern C:\MCC18\src\traditional\proc\p18F4620.asm
                TRISCbits   0x000f94       data     extern C:\MCC18\src\traditional\proc\p18F4620.asm
                    TRISD   0x000f95       data     extern C:\MCC18\src\traditional\proc\p18F4620.asm
                TRISDbits   0x000f95       data     extern C:\MCC18\src\traditional\proc\p18F4620.asm
                    TRISE   0x000f96       data     extern C:\MCC18\src\traditional\proc\p18F4620.asm
                TRISEbits   0x000f96       data     extern C:\MCC18\src\traditional\proc\p18F4620.asm
                    TXREG   0x000fad       data     extern C:\MCC18\src\traditional\proc\p18F4620.asm
                    TXSTA   0x000fac       data     extern C:\MCC18\src\traditional\proc\p18F4620.asm
                TXSTAbits   0x000fac       data     extern C:\MCC18\src\traditional\proc\p18F4620.asm
                        W   0x000fe8       data     extern C:\MCC18\src\traditional\proc\p18F4620.asm
                   WDTCON   0x000fd1       data     extern C:\MCC18\src\traditional\proc\p18F4620.asm
               WDTCONbits   0x000fd1       data     extern C:\MCC18\src\traditional\proc\p18F4620.asm
                     WREG   0x000fe8       data     extern C:\MCC18\src\traditional\proc\p18F4620.asm
                 __AARGB0   0x000009       data     extern C:\MCC18\src\traditional\math\aarg.asm
                 __AARGB1   0x000008       data     extern C:\MCC18\src\traditional\math\aarg.asm
                 __AARGB2   0x000007       data     extern C:\MCC18\src\traditional\math\aarg.asm
                 __AARGB3   0x000006       data     extern C:\MCC18\src\traditional\math\aarg.asm
                 __AARGB4   0x000005       data     extern C:\MCC18\src\traditional\math\aarg.asm
                 __AARGB5   0x000004       data     extern C:\MCC18\src\traditional\math\aarg.asm
                 __AARGB6   0x000003       data     extern C:\MCC18\src\traditional\math\aarg.asm
                 __AARGB7   0x000002       data     extern C:\MCC18\src\traditional\math\aarg.asm
                   __AEXP   0x00000a       data     extern C:\MCC18\src\traditional\math\aarg.asm
                 __BARGB0   0x00000e       data     extern C:\MCC18\src\traditional\math\barg.asm
                 __BARGB1   0x00000d       data     extern C:\MCC18\src\traditional\math\barg.asm
                 __BARGB2   0x00000c       data     extern C:\MCC18\src\traditional\math\barg.asm
                 __BARGB3   0x00000b       data     extern C:\MCC18\src\traditional\math\barg.asm
                   __BEXP   0x00000f       data     extern C:\MCC18\src\traditional\math\barg.asm
                __FPFLAGS   0x000001       data     extern C:\MCC18\src\traditional\math\cmath18.asm
            __FPFLAGSbits   0x000001       data     extern C:\MCC18\src\traditional\math\cmath18.asm
                  __REMB0   0x000005       data     extern C:\MCC18\src\traditional\math\aarg.asm
                  __REMB1   0x000004       data     extern C:\MCC18\src\traditional\math\aarg.asm
                  __REMB2   0x000003       data     extern C:\MCC18\src\traditional\math\aarg.asm
                  __REMB3   0x000002       data     extern C:\MCC18\src\traditional\math\aarg.asm
                   __TEMP   0x000013       data     extern C:\MCC18\src\traditional\math\temparg.asm
                 __TEMPB0   0x000013       data     extern C:\MCC18\src\traditional\math\temparg.asm
                 __TEMPB1   0x000012       data     extern C:\MCC18\src\traditional\math\temparg.asm
                 __TEMPB2   0x000011       data     extern C:\MCC18\src\traditional\math\temparg.asm
                 __TEMPB3   0x000010       data     extern C:\MCC18\src\traditional\math\temparg.asm
                  __tmp_0   0x000014       data     static C:\_EC\_PROJ\2034 Mono LCD Driver\firm\V1-03\ap-main.c
                  __tmp_0   0x000014       data     static C:\_EC\_PROJ\2034 Mono LCD Driver\firm\V1-03\display.c
                  __tmp_0   0x000014       data     static C:\_EC\_PROJ\2034 Mono LCD Driver\firm\V1-03\display-model.c
             asm_irq_temp   0x00001d       data     extern C:\_EC\_PROJ\2034 Mono LCD Driver\firm\V1-03\ap-main.h
            asm_irq_temp1   0x00001e       data     extern C:\_EC\_PROJ\2034 Mono LCD Driver\firm\V1-03\ap-main.h
byte_ordering_test_last_x_coord   0x0000a6       data     static C:\_EC\_PROJ\2034 Mono LCD Driver\firm\V1-03\display.c
byte_ordering_test_last_y_coord   0x0000a8       data     static C:\_EC\_PROJ\2034 Mono LCD Driver\firm\V1-03\display.c
      contrast_10ms_timer   0x000099       data     extern C:\_EC\_PROJ\2034 Mono LCD Driver\firm\V1-03\ap-main.h
                curr_byte   0x00008f       data     static C:\MCC18\src\traditional\startup\c018i.c
               curr_entry   0x000091       data     static C:\MCC18\src\traditional\startup\c018i.c
                 data_ptr   0x000093       data     static C:\MCC18\src\traditional\startup\c018i.c
display_auto_x_coordinate   0x0000a0       data     extern C:\_EC\_PROJ\2034 Mono LCD Driver\firm\V1-03\display.h
display_auto_y_coordinate   0x0000a2       data     extern C:\_EC\_PROJ\2034 Mono LCD Driver\firm\V1-03\display.h
display_backlight_current   0x000080       data     extern C:\_EC\_PROJ\2034 Mono LCD Driver\firm\V1-03\ap-main.h
display_backlight_off_timer   0x000082       data     extern C:\_EC\_PROJ\2034 Mono LCD Driver\firm\V1-03\ap-main.h
 display_backlight_target   0x000081       data     extern C:\_EC\_PROJ\2034 Mono LCD Driver\firm\V1-03\ap-main.h
   display_contrast_level   0x000083       data     extern C:\_EC\_PROJ\2034 Mono LCD Driver\firm\V1-03\ap-main.h
display_scroll_1st_char_done_skip_pixels   0x0000ae       data     extern C:\_EC\_PROJ\2034 Mono LCD Driver\firm\V1-03\display.h
display_scroll_text_display_pixels_count   0x0000ac       data     extern C:\_EC\_PROJ\2034 Mono LCD Driver\firm\V1-03\display.h
display_scroll_text_skip_pixels_count   0x0000aa       data     extern C:\_EC\_PROJ\2034 Mono LCD Driver\firm\V1-03\display.h
display_scroll_text_start_pixel   0x0000a4       data     extern C:\_EC\_PROJ\2034 Mono LCD Driver\firm\V1-03\display.h
  general_use_100ms_timer   0x00009c       data     extern C:\_EC\_PROJ\2034 Mono LCD Driver\firm\V1-03\ap-main.h
   general_use_10ms_timer   0x00009a       data     extern C:\_EC\_PROJ\2034 Mono LCD Driver\firm\V1-03\ap-main.h
            graph_pixel_x   0x00009e       data     static C:\_EC\_PROJ\2034 Mono LCD Driver\firm\V1-03\ap-main.c
            graph_pixel_y   0x00009f       data     static C:\_EC\_PROJ\2034 Mono LCD Driver\firm\V1-03\ap-main.c
           hb_100ms_timer   0x00008a       data     static C:\_EC\_PROJ\2034 Mono LCD Driver\firm\V1-03\ap-main.c
            hb_1sec_timer   0x00008b       data     static C:\_EC\_PROJ\2034 Mono LCD Driver\firm\V1-03\ap-main.c
                 our_mode   0x000089       data     static C:\_EC\_PROJ\2034 Mono LCD Driver\firm\V1-03\ap-main.c
                     prom   0x00008c       data     static C:\MCC18\src\traditional\startup\c018i.c
       read_switches_flag   0x000096       data     extern C:\_EC\_PROJ\2034 Mono LCD Driver\firm\V1-03\ap-main.h
       switches_debounced   0x000085       data     extern C:\_EC\_PROJ\2034 Mono LCD Driver\firm\V1-03\ap-main.h
  switches_debounced_last   0x000088       data     static C:\_EC\_PROJ\2034 Mono LCD Driver\firm\V1-03\ap-main.c
            switches_last   0x000087       data     static C:\_EC\_PROJ\2034 Mono LCD Driver\firm\V1-03\ap-main.c
             switches_new   0x000086       data     extern C:\_EC\_PROJ\2034 Mono LCD Driver\firm\V1-03\ap-main.h
     user_mode_10ms_timer   0x000097       data     extern C:\_EC\_PROJ\2034 Mono LCD Driver\firm\V1-03\ap-main.h



                              Symbols - Sorted by Address
                     Name    Address   Location    Storage File                     
                ---------  ---------  ---------  --------- ---------                
                   _entry   0x000000    program     extern C:\MCC18\src\traditional\startup\c018i.c
       ___return_lbl00000   0x000004    program     static                          
             athighvector   0x000008    program     extern C:\_EC\_PROJ\2034 Mono LCD Driver\firm\V1-03\ap-main.c
       ___return_lbl00052   0x00000c    program     static                          
              atlowvector   0x000018    program     extern C:\_EC\_PROJ\2034 Mono LCD Driver\firm\V1-03\ap-main.c
       ___return_lbl00053   0x00001c    program     static                          
           ec_logo_128x64   0x000044    program     extern C:\_EC\_PROJ\2034 Mono LCD Driver\firm\V1-03\bitmaps\output\cbitmaps.h
            ec_logo_64x37   0x000449    program     extern C:\_EC\_PROJ\2034 Mono LCD Driver\firm\V1-03\bitmaps\output\cbitmaps.h
               font_05x05   0x00058e    program     extern C:\_EC\_PROJ\2034 Mono LCD Driver\firm\V1-03\bitmaps\output\cbitmaps.h
               font_05x07   0x00080e    program     extern C:\_EC\_PROJ\2034 Mono LCD Driver\firm\V1-03\bitmaps\output\cbitmaps.h
               font_06x10   0x000a8e    program     extern C:\_EC\_PROJ\2034 Mono LCD Driver\firm\V1-03\bitmaps\output\cbitmaps.h
               font_07x13   0x001087    program     extern C:\_EC\_PROJ\2034 Mono LCD Driver\firm\V1-03\bitmaps\output\cbitmaps.h
               font_23x26   0x00177e    program     extern C:\_EC\_PROJ\2034 Mono LCD Driver\firm\V1-03\bitmaps\output\cbitmaps.h
              graph_pixel   0x004527    program     extern C:\_EC\_PROJ\2034 Mono LCD Driver\firm\V1-03\bitmaps\output\cbitmaps.h
                 graph_xy   0x00452d    program     extern C:\_EC\_PROJ\2034 Mono LCD Driver\firm\V1-03\bitmaps\output\cbitmaps.h
         display_delay_ms   0x004932    program     extern C:\_EC\_PROJ\2034 Mono LCD Driver\firm\V1-03\display.c
       display_initialise   0x0049a4    program     extern C:\_EC\_PROJ\2034 Mono LCD Driver\firm\V1-03\display.c
     display_set_contrast   0x0049b0    program     extern C:\_EC\_PROJ\2034 Mono LCD Driver\firm\V1-03\display.c
     display_clear_screen   0x0049cc    program     extern C:\_EC\_PROJ\2034 Mono LCD Driver\firm\V1-03\display.c
           display_bitmap   0x004a68    program     extern C:\_EC\_PROJ\2034 Mono LCD Driver\firm\V1-03\display.c
              __tmplbl_43   0x00597e    program     static                          
              __tmplbl_42   0x00597e    program     static                          
              __tmplbl_44   0x00597e    program     static                          
              __tmplbl_49   0x00597e    program     static                          
              __tmplbl_50   0x00597e    program     static                          
              __tmplbl_51   0x00597e    program     static                          
              __tmplbl_52   0x00597e    program     static                          
     display_const_string   0x005992    program     extern C:\_EC\_PROJ\2034 Mono LCD Driver\firm\V1-03\display.c
  display_variable_string   0x005e34    program     extern C:\_EC\_PROJ\2034 Mono LCD Driver\firm\V1-03\display.c
display_byte_ordering_test_sequence   0x0062d2    program     extern C:\_EC\_PROJ\2034 Mono LCD Driver\firm\V1-03\display.c
               initialise   0x00638a    program     extern C:\_EC\_PROJ\2034 Mono LCD Driver\firm\V1-03\ap-main.c
       ___return_lbl00000   0x00642c    program     static                          
                     main   0x00642e    program     extern C:\_EC\_PROJ\2034 Mono LCD Driver\firm\V1-03\ap-main.c
        ___while_lbl00002   0x006430    program     static                          
        ___while_lbl00004   0x006442    program     static                          
        ___while_lbl00005   0x00644e    program     static                          
        ___while_lbl00006   0x006456    program     static                          
        ___while_lbl00007   0x006462    program     static                          
        ___while_lbl00008   0x006466    program     static                          
        ___while_lbl00010   0x006474    program     static                          
        ___while_lbl00011   0x00647e    program     static                          
        ___while_lbl00009   0x006480    program     static                          
        ___while_lbl00012   0x006488    program     static                          
        ___while_lbl00013   0x006494    program     static                          
        ___while_lbl00014   0x00649e    program     static                          
        ___while_lbl00016   0x0064aa    program     static                          
        ___while_lbl00017   0x0064ae    program     static                          
        ___while_lbl00015   0x0064b0    program     static                          
        ___while_lbl00018   0x0064be    program     static                          
        ___while_lbl00019   0x0064ca    program     static                          
        ___while_lbl00020   0x0064d8    program     static                          
        ___while_lbl00021   0x0064e4    program     static                          
           ___if_lbl00022   0x0064e6    program     static                          
               __tmplbl_1   0x0064ec    program     static                          
               __tmplbl_0   0x0064f2    program     static                          
           ___if_lbl00024   0x0064f6    program     static                          
           ___if_lbl00025   0x0064f6    program     static                          
        ___while_lbl00003   0x0064f8    program     static                          
       ___return_lbl00001   0x0064f8    program     static                          
            read_switches   0x0064fa    program     extern C:\_EC\_PROJ\2034 Mono LCD Driver\firm\V1-03\ap-main.c
             process_mode   0x00654a    program     extern C:\_EC\_PROJ\2034 Mono LCD Driver\firm\V1-03\ap-main.c
            interruptisrh   0x0069fa    program     extern C:\_EC\_PROJ\2034 Mono LCD Driver\firm\V1-03\ap-main.c
               __tmplbl_3   0x006a14    program     static                          
               __tmplbl_2   0x006a1a    program     static                          
           ___if_lbl00056   0x006a44    program     static                          
           ___if_lbl00057   0x006a5a    program     static                          
           ___if_lbl00058   0x006a64    program     static                          
         ___else_lbl00060   0x006a8a    program     static                          
           ___if_lbl00059   0x006a90    program     static                          
           ___if_lbl00061   0x006a90    program     static                          
           ___if_lbl00062   0x006aa4    program     static                          
         ___else_lbl00065   0x006aa6    program     static                          
           ___if_lbl00064   0x006ab6    program     static                          
           ___if_lbl00063   0x006ab6    program     static                          
           ___if_lbl00066   0x006ad6    program     static                          
           ___if_lbl00068   0x006aec    program     static                          
           ___if_lbl00067   0x006aec    program     static                          
           ___if_lbl00069   0x006afc    program     static                          
           ___if_lbl00070   0x006afc    program     static                          
           ___if_lbl00071   0x006afc    program     static                          
       ___return_lbl00054   0x006afc    program     static                          
            interruptisrl   0x006b0e    program     extern C:\_EC\_PROJ\2034 Mono LCD Driver\firm\V1-03\ap-main.c
 display_model_initialise   0x006b34    program     extern C:\_EC\_PROJ\2034 Mono LCD Driver\firm\V1-03\display-model.c
display_model_set_contrast   0x006bba    program     extern C:\_EC\_PROJ\2034 Mono LCD Driver\firm\V1-03\display-model.c
display_write_bitmap_byte   0x006be6    program     extern C:\_EC\_PROJ\2034 Mono LCD Driver\firm\V1-03\display-model.c
         ___else_lbl00004   0x006c22    program     static                          
           ___if_lbl00003   0x006c64    program     static                          
       ___return_lbl00002   0x006c8e    program     static                          
      display_set_address   0x006c98    program     extern C:\_EC\_PROJ\2034 Mono LCD Driver\firm\V1-03\display-model.c
    display_write_command   0x006d92    program     extern C:\_EC\_PROJ\2034 Mono LCD Driver\firm\V1-03\display-model.c
       ___return_lbl00008   0x006db0    program     static                          
                _do_cinit   0x006db8    program     extern C:\MCC18\src\traditional\startup\c018i.c
                     test   0x006dd2    program     static                          
                copy_loop   0x006e2a    program     static                          
            copy_one_byte   0x006e30    program     static                          
             done_copying   0x006e3e    program     static                          
                     done   0x006e54    program     static                          
       ___return_lbl00002   0x006e54    program     static                          
    string_standard_fonts   0x006e56    program     extern C:\_EC\_PROJ\2034 Mono LCD Driver\firm\V1-03\ap-main.c
               string_5x5   0x006e66    program     extern C:\_EC\_PROJ\2034 Mono LCD Driver\firm\V1-03\ap-main.c
               string_5x7   0x006e6a    program     extern C:\_EC\_PROJ\2034 Mono LCD Driver\firm\V1-03\ap-main.c
              string_6x10   0x006e6e    program     extern C:\_EC\_PROJ\2034 Mono LCD Driver\firm\V1-03\ap-main.c
              string_7x13   0x006e73    program     extern C:\_EC\_PROJ\2034 Mono LCD Driver\firm\V1-03\ap-main.c
         string_monospace   0x006e78    program     extern C:\_EC\_PROJ\2034 Mono LCD Driver\firm\V1-03\ap-main.c
      string_proportional   0x006e8e    program     extern C:\_EC\_PROJ\2034 Mono LCD Driver\firm\V1-03\ap-main.c
                 FXM1616U   0x006ea4    program     extern C:\MCC18\src\traditional\math\fxm1616u.asm
                 _startup   0x006ee0    program     extern C:\MCC18\src\traditional\startup\c018i.c
                     loop   0x006ef0    program     static                          
       ___return_lbl00001   0x006efa    program     static                          
            __zero_memory   0x006efc    program     extern C:\MCC18\src\traditional\proc\p18F4620.asm
               clear_loop   0x006f02    program     static C:\MCC18\src\traditional\proc\p18F4620.asm
                   __init   0x006f0a    program     extern C:\MCC18\src\traditional\stdclib\__init.c
               __config_0   0x300001    program     static C:\_EC\_PROJ\2034 Mono LCD Driver\firm\V1-03\ap-main.c
               __config_1   0x300002    program     static C:\_EC\_PROJ\2034 Mono LCD Driver\firm\V1-03\ap-main.c
               __config_2   0x300003    program     static C:\_EC\_PROJ\2034 Mono LCD Driver\firm\V1-03\ap-main.c
               __config_3   0x300005    program     static C:\_EC\_PROJ\2034 Mono LCD Driver\firm\V1-03\ap-main.c
               __config_4   0x300006    program     static C:\_EC\_PROJ\2034 Mono LCD Driver\firm\V1-03\ap-main.c
               __config_5   0x300008    program     static C:\_EC\_PROJ\2034 Mono LCD Driver\firm\V1-03\ap-main.c
               __config_6   0x300009    program     static C:\_EC\_PROJ\2034 Mono LCD Driver\firm\V1-03\ap-main.c
               __config_7   0x30000a    program     static C:\_EC\_PROJ\2034 Mono LCD Driver\firm\V1-03\ap-main.c
               __config_8   0x30000b    program     static C:\_EC\_PROJ\2034 Mono LCD Driver\firm\V1-03\ap-main.c
               __config_9   0x30000c    program     static C:\_EC\_PROJ\2034 Mono LCD Driver\firm\V1-03\ap-main.c
              __config_10   0x30000d    program     static C:\_EC\_PROJ\2034 Mono LCD Driver\firm\V1-03\ap-main.c
                     SIGN   0x000000       data     extern C:\MCC18\src\traditional\math\cmath18.asm
            __FPFLAGSbits   0x000001       data     extern C:\MCC18\src\traditional\math\cmath18.asm
                __FPFLAGS   0x000001       data     extern C:\MCC18\src\traditional\math\cmath18.asm
                  __REMB3   0x000002       data     extern C:\MCC18\src\traditional\math\aarg.asm
                 __AARGB7   0x000002       data     extern C:\MCC18\src\traditional\math\aarg.asm
                  __REMB2   0x000003       data     extern C:\MCC18\src\traditional\math\aarg.asm
                 __AARGB6   0x000003       data     extern C:\MCC18\src\traditional\math\aarg.asm
                  __REMB1   0x000004       data     extern C:\MCC18\src\traditional\math\aarg.asm
                 __AARGB5   0x000004       data     extern C:\MCC18\src\traditional\math\aarg.asm
                  __REMB0   0x000005       data     extern C:\MCC18\src\traditional\math\aarg.asm
                 __AARGB4   0x000005       data     extern C:\MCC18\src\traditional\math\aarg.asm
                 __AARGB3   0x000006       data     extern C:\MCC18\src\traditional\math\aarg.asm
                 __AARGB2   0x000007       data     extern C:\MCC18\src\traditional\math\aarg.asm
                 __AARGB1   0x000008       data     extern C:\MCC18\src\traditional\math\aarg.asm
                 __AARGB0   0x000009       data     extern C:\MCC18\src\traditional\math\aarg.asm
                   __AEXP   0x00000a       data     extern C:\MCC18\src\traditional\math\aarg.asm
                 __BARGB3   0x00000b       data     extern C:\MCC18\src\traditional\math\barg.asm
                 __BARGB2   0x00000c       data     extern C:\MCC18\src\traditional\math\barg.asm
                 __BARGB1   0x00000d       data     extern C:\MCC18\src\traditional\math\barg.asm
                 __BARGB0   0x00000e       data     extern C:\MCC18\src\traditional\math\barg.asm
                   __BEXP   0x00000f       data     extern C:\MCC18\src\traditional\math\barg.asm
                 __TEMPB3   0x000010       data     extern C:\MCC18\src\traditional\math\temparg.asm
                 __TEMPB2   0x000011       data     extern C:\MCC18\src\traditional\math\temparg.asm
                 __TEMPB1   0x000012       data     extern C:\MCC18\src\traditional\math\temparg.asm
                   __TEMP   0x000013       data     extern C:\MCC18\src\traditional\math\temparg.asm
                 __TEMPB0   0x000013       data     extern C:\MCC18\src\traditional\math\temparg.asm
                  __tmp_0   0x000014       data     static C:\_EC\_PROJ\2034 Mono LCD Driver\firm\V1-03\ap-main.c
                  __tmp_0   0x000014       data     static C:\_EC\_PROJ\2034 Mono LCD Driver\firm\V1-03\display.c
                  __tmp_0   0x000014       data     static C:\_EC\_PROJ\2034 Mono LCD Driver\firm\V1-03\display-model.c
             asm_irq_temp   0x00001d       data     extern C:\_EC\_PROJ\2034 Mono LCD Driver\firm\V1-03\ap-main.h
            asm_irq_temp1   0x00001e       data     extern C:\_EC\_PROJ\2034 Mono LCD Driver\firm\V1-03\ap-main.h
display_backlight_current   0x000080       data     extern C:\_EC\_PROJ\2034 Mono LCD Driver\firm\V1-03\ap-main.h
 display_backlight_target   0x000081       data     extern C:\_EC\_PROJ\2034 Mono LCD Driver\firm\V1-03\ap-main.h
display_backlight_off_timer   0x000082       data     extern C:\_EC\_PROJ\2034 Mono LCD Driver\firm\V1-03\ap-main.h
   display_contrast_level   0x000083       data     extern C:\_EC\_PROJ\2034 Mono LCD Driver\firm\V1-03\ap-main.h
       switches_debounced   0x000085       data     extern C:\_EC\_PROJ\2034 Mono LCD Driver\firm\V1-03\ap-main.h
             switches_new   0x000086       data     extern C:\_EC\_PROJ\2034 Mono LCD Driver\firm\V1-03\ap-main.h
            switches_last   0x000087       data     static C:\_EC\_PROJ\2034 Mono LCD Driver\firm\V1-03\ap-main.c
  switches_debounced_last   0x000088       data     static C:\_EC\_PROJ\2034 Mono LCD Driver\firm\V1-03\ap-main.c
                 our_mode   0x000089       data     static C:\_EC\_PROJ\2034 Mono LCD Driver\firm\V1-03\ap-main.c
           hb_100ms_timer   0x00008a       data     static C:\_EC\_PROJ\2034 Mono LCD Driver\firm\V1-03\ap-main.c
            hb_1sec_timer   0x00008b       data     static C:\_EC\_PROJ\2034 Mono LCD Driver\firm\V1-03\ap-main.c
                     prom   0x00008c       data     static C:\MCC18\src\traditional\startup\c018i.c
                curr_byte   0x00008f       data     static C:\MCC18\src\traditional\startup\c018i.c
               curr_entry   0x000091       data     static C:\MCC18\src\traditional\startup\c018i.c
                 data_ptr   0x000093       data     static C:\MCC18\src\traditional\startup\c018i.c
       read_switches_flag   0x000096       data     extern C:\_EC\_PROJ\2034 Mono LCD Driver\firm\V1-03\ap-main.h
     user_mode_10ms_timer   0x000097       data     extern C:\_EC\_PROJ\2034 Mono LCD Driver\firm\V1-03\ap-main.h
      contrast_10ms_timer   0x000099       data     extern C:\_EC\_PROJ\2034 Mono LCD Driver\firm\V1-03\ap-main.h
   general_use_10ms_timer   0x00009a       data     extern C:\_EC\_PROJ\2034 Mono LCD Driver\firm\V1-03\ap-main.h
  general_use_100ms_timer   0x00009c       data     extern C:\_EC\_PROJ\2034 Mono LCD Driver\firm\V1-03\ap-main.h
            graph_pixel_x   0x00009e       data     static C:\_EC\_PROJ\2034 Mono LCD Driver\firm\V1-03\ap-main.c
            graph_pixel_y   0x00009f       data     static C:\_EC\_PROJ\2034 Mono LCD Driver\firm\V1-03\ap-main.c
display_auto_x_coordinate   0x0000a0       data     extern C:\_EC\_PROJ\2034 Mono LCD Driver\firm\V1-03\display.h
display_auto_y_coordinate   0x0000a2       data     extern C:\_EC\_PROJ\2034 Mono LCD Driver\firm\V1-03\display.h
display_scroll_text_start_pixel   0x0000a4       data     extern C:\_EC\_PROJ\2034 Mono LCD Driver\firm\V1-03\display.h
byte_ordering_test_last_x_coord   0x0000a6       data     static C:\_EC\_PROJ\2034 Mono LCD Driver\firm\V1-03\display.c
byte_ordering_test_last_y_coord   0x0000a8       data     static C:\_EC\_PROJ\2034 Mono LCD Driver\firm\V1-03\display.c
display_scroll_text_skip_pixels_count   0x0000aa       data     extern C:\_EC\_PROJ\2034 Mono LCD Driver\firm\V1-03\display.h
display_scroll_text_display_pixels_count   0x0000ac       data     extern C:\_EC\_PROJ\2034 Mono LCD Driver\firm\V1-03\display.h
display_scroll_1st_char_done_skip_pixels   0x0000ae       data     extern C:\_EC\_PROJ\2034 Mono LCD Driver\firm\V1-03\display.h
                    PORTA   0x000f80       data     extern C:\MCC18\src\traditional\proc\p18F4620.asm
                PORTAbits   0x000f80       data     extern C:\MCC18\src\traditional\proc\p18F4620.asm
                    PORTB   0x000f81       data     extern C:\MCC18\src\traditional\proc\p18F4620.asm
                PORTBbits   0x000f81       data     extern C:\MCC18\src\traditional\proc\p18F4620.asm
                PORTCbits   0x000f82       data     extern C:\MCC18\src\traditional\proc\p18F4620.asm
                    PORTC   0x000f82       data     extern C:\MCC18\src\traditional\proc\p18F4620.asm
                PORTDbits   0x000f83       data     extern C:\MCC18\src\traditional\proc\p18F4620.asm
                    PORTD   0x000f83       data     extern C:\MCC18\src\traditional\proc\p18F4620.asm
                PORTEbits   0x000f84       data     extern C:\MCC18\src\traditional\proc\p18F4620.asm
                    PORTE   0x000f84       data     extern C:\MCC18\src\traditional\proc\p18F4620.asm
                     LATA   0x000f89       data     extern C:\MCC18\src\traditional\proc\p18F4620.asm
                 LATAbits   0x000f89       data     extern C:\MCC18\src\traditional\proc\p18F4620.asm
                     LATB   0x000f8a       data     extern C:\MCC18\src\traditional\proc\p18F4620.asm
                 LATBbits   0x000f8a       data     extern C:\MCC18\src\traditional\proc\p18F4620.asm
                     LATC   0x000f8b       data     extern C:\MCC18\src\traditional\proc\p18F4620.asm
                 LATCbits   0x000f8b       data     extern C:\MCC18\src\traditional\proc\p18F4620.asm
                     LATD   0x000f8c       data     extern C:\MCC18\src\traditional\proc\p18F4620.asm
                 LATDbits   0x000f8c       data     extern C:\MCC18\src\traditional\proc\p18F4620.asm
                 LATEbits   0x000f8d       data     extern C:\MCC18\src\traditional\proc\p18F4620.asm
                     LATE   0x000f8d       data     extern C:\MCC18\src\traditional\proc\p18F4620.asm
                 DDRAbits   0x000f92       data     extern C:\MCC18\src\traditional\proc\p18F4620.asm
                     DDRA   0x000f92       data     extern C:\MCC18\src\traditional\proc\p18F4620.asm
                    TRISA   0x000f92       data     extern C:\MCC18\src\traditional\proc\p18F4620.asm
                TRISAbits   0x000f92       data     extern C:\MCC18\src\traditional\proc\p18F4620.asm
                TRISBbits   0x000f93       data     extern C:\MCC18\src\traditional\proc\p18F4620.asm
                    TRISB   0x000f93       data     extern C:\MCC18\src\traditional\proc\p18F4620.asm
                     DDRB   0x000f93       data     extern C:\MCC18\src\traditional\proc\p18F4620.asm
                 DDRBbits   0x000f93       data     extern C:\MCC18\src\traditional\proc\p18F4620.asm
                    TRISC   0x000f94       data     extern C:\MCC18\src\traditional\proc\p18F4620.asm
                TRISCbits   0x000f94       data     extern C:\MCC18\src\traditional\proc\p18F4620.asm
                     DDRC   0x000f94       data     extern C:\MCC18\src\traditional\proc\p18F4620.asm
                 DDRCbits   0x000f94       data     extern C:\MCC18\src\traditional\proc\p18F4620.asm
                    TRISD   0x000f95       data     extern C:\MCC18\src\traditional\proc\p18F4620.asm
                TRISDbits   0x000f95       data     extern C:\MCC18\src\traditional\proc\p18F4620.asm
                     DDRD   0x000f95       data     extern C:\MCC18\src\traditional\proc\p18F4620.asm
                 DDRDbits   0x000f95       data     extern C:\MCC18\src\traditional\proc\p18F4620.asm
                TRISEbits   0x000f96       data     extern C:\MCC18\src\traditional\proc\p18F4620.asm
                    TRISE   0x000f96       data     extern C:\MCC18\src\traditional\proc\p18F4620.asm
                 DDREbits   0x000f96       data     extern C:\MCC18\src\traditional\proc\p18F4620.asm
                     DDRE   0x000f96       data     extern C:\MCC18\src\traditional\proc\p18F4620.asm
              OSCTUNEbits   0x000f9b       data     extern C:\MCC18\src\traditional\proc\p18F4620.asm
                  OSCTUNE   0x000f9b       data     extern C:\MCC18\src\traditional\proc\p18F4620.asm
                     PIE1   0x000f9d       data     extern C:\MCC18\src\traditional\proc\p18F4620.asm
                 PIE1bits   0x000f9d       data     extern C:\MCC18\src\traditional\proc\p18F4620.asm
                     PIR1   0x000f9e       data     extern C:\MCC18\src\traditional\proc\p18F4620.asm
                 PIR1bits   0x000f9e       data     extern C:\MCC18\src\traditional\proc\p18F4620.asm
                 IPR1bits   0x000f9f       data     extern C:\MCC18\src\traditional\proc\p18F4620.asm
                     IPR1   0x000f9f       data     extern C:\MCC18\src\traditional\proc\p18F4620.asm
                 PIE2bits   0x000fa0       data     extern C:\MCC18\src\traditional\proc\p18F4620.asm
                     PIE2   0x000fa0       data     extern C:\MCC18\src\traditional\proc\p18F4620.asm
                 PIR2bits   0x000fa1       data     extern C:\MCC18\src\traditional\proc\p18F4620.asm
                     PIR2   0x000fa1       data     extern C:\MCC18\src\traditional\proc\p18F4620.asm
                     IPR2   0x000fa2       data     extern C:\MCC18\src\traditional\proc\p18F4620.asm
                 IPR2bits   0x000fa2       data     extern C:\MCC18\src\traditional\proc\p18F4620.asm
               EECON1bits   0x000fa6       data     extern C:\MCC18\src\traditional\proc\p18F4620.asm
                   EECON1   0x000fa6       data     extern C:\MCC18\src\traditional\proc\p18F4620.asm
                   EECON2   0x000fa7       data     extern C:\MCC18\src\traditional\proc\p18F4620.asm
                   EEDATA   0x000fa8       data     extern C:\MCC18\src\traditional\proc\p18F4620.asm
                    EEADR   0x000fa9       data     extern C:\MCC18\src\traditional\proc\p18F4620.asm
                   EEADRH   0x000faa       data     extern C:\MCC18\src\traditional\proc\p18F4620.asm
                    RCSTA   0x000fab       data     extern C:\MCC18\src\traditional\proc\p18F4620.asm
                RCSTAbits   0x000fab       data     extern C:\MCC18\src\traditional\proc\p18F4620.asm
                    TXSTA   0x000fac       data     extern C:\MCC18\src\traditional\proc\p18F4620.asm
                TXSTAbits   0x000fac       data     extern C:\MCC18\src\traditional\proc\p18F4620.asm
                    TXREG   0x000fad       data     extern C:\MCC18\src\traditional\proc\p18F4620.asm
                    RCREG   0x000fae       data     extern C:\MCC18\src\traditional\proc\p18F4620.asm
                    SPBRG   0x000faf       data     extern C:\MCC18\src\traditional\proc\p18F4620.asm
                   SPBRGH   0x000fb0       data     extern C:\MCC18\src\traditional\proc\p18F4620.asm
                    T3CON   0x000fb1       data     extern C:\MCC18\src\traditional\proc\p18F4620.asm
                T3CONbits   0x000fb1       data     extern C:\MCC18\src\traditional\proc\p18F4620.asm
                    TMR3L   0x000fb2       data     extern C:\MCC18\src\traditional\proc\p18F4620.asm
                    TMR3H   0x000fb3       data     extern C:\MCC18\src\traditional\proc\p18F4620.asm
                CMCONbits   0x000fb4       data     extern C:\MCC18\src\traditional\proc\p18F4620.asm
                    CMCON   0x000fb4       data     extern C:\MCC18\src\traditional\proc\p18F4620.asm
               CVRCONbits   0x000fb5       data     extern C:\MCC18\src\traditional\proc\p18F4620.asm
                   CVRCON   0x000fb5       data     extern C:\MCC18\src\traditional\proc\p18F4620.asm
              ECCP1ASbits   0x000fb6       data     extern C:\MCC18\src\traditional\proc\p18F4620.asm
                  ECCP1AS   0x000fb6       data     extern C:\MCC18\src\traditional\proc\p18F4620.asm
                  PWM1CON   0x000fb7       data     extern C:\MCC18\src\traditional\proc\p18F4620.asm
              PWM1CONbits   0x000fb7       data     extern C:\MCC18\src\traditional\proc\p18F4620.asm
              BAUDCTLbits   0x000fb8       data     extern C:\MCC18\src\traditional\proc\p18F4620.asm
                  BAUDCTL   0x000fb8       data     extern C:\MCC18\src\traditional\proc\p18F4620.asm
              BAUDCONbits   0x000fb8       data     extern C:\MCC18\src\traditional\proc\p18F4620.asm
                  BAUDCON   0x000fb8       data     extern C:\MCC18\src\traditional\proc\p18F4620.asm
                  CCP2CON   0x000fba       data     extern C:\MCC18\src\traditional\proc\p18F4620.asm
              CCP2CONbits   0x000fba       data     extern C:\MCC18\src\traditional\proc\p18F4620.asm
                   CCPR2L   0x000fbb       data     extern C:\MCC18\src\traditional\proc\p18F4620.asm
                    CCPR2   0x000fbb       data     extern C:\MCC18\src\traditional\proc\p18F4620.asm
                   CCPR2H   0x000fbc       data     extern C:\MCC18\src\traditional\proc\p18F4620.asm
              CCP1CONbits   0x000fbd       data     extern C:\MCC18\src\traditional\proc\p18F4620.asm
                  CCP1CON   0x000fbd       data     extern C:\MCC18\src\traditional\proc\p18F4620.asm
                   CCPR1L   0x000fbe       data     extern C:\MCC18\src\traditional\proc\p18F4620.asm
                    CCPR1   0x000fbe       data     extern C:\MCC18\src\traditional\proc\p18F4620.asm
                   CCPR1H   0x000fbf       data     extern C:\MCC18\src\traditional\proc\p18F4620.asm
               ADCON2bits   0x000fc0       data     extern C:\MCC18\src\traditional\proc\p18F4620.asm
                   ADCON2   0x000fc0       data     extern C:\MCC18\src\traditional\proc\p18F4620.asm
               ADCON1bits   0x000fc1       data     extern C:\MCC18\src\traditional\proc\p18F4620.asm
                   ADCON1   0x000fc1       data     extern C:\MCC18\src\traditional\proc\p18F4620.asm
                   ADCON0   0x000fc2       data     extern C:\MCC18\src\traditional\proc\p18F4620.asm
               ADCON0bits   0x000fc2       data     extern C:\MCC18\src\traditional\proc\p18F4620.asm
                    ADRES   0x000fc3       data     extern C:\MCC18\src\traditional\proc\p18F4620.asm
                   ADRESL   0x000fc3       data     extern C:\MCC18\src\traditional\proc\p18F4620.asm
                   ADRESH   0x000fc4       data     extern C:\MCC18\src\traditional\proc\p18F4620.asm
                  SSPCON2   0x000fc5       data     extern C:\MCC18\src\traditional\proc\p18F4620.asm
              SSPCON2bits   0x000fc5       data     extern C:\MCC18\src\traditional\proc\p18F4620.asm
                  SSPCON1   0x000fc6       data     extern C:\MCC18\src\traditional\proc\p18F4620.asm
              SSPCON1bits   0x000fc6       data     extern C:\MCC18\src\traditional\proc\p18F4620.asm
                  SSPSTAT   0x000fc7       data     extern C:\MCC18\src\traditional\proc\p18F4620.asm
              SSPSTATbits   0x000fc7       data     extern C:\MCC18\src\traditional\proc\p18F4620.asm
                   SSPADD   0x000fc8       data     extern C:\MCC18\src\traditional\proc\p18F4620.asm
                   SSPBUF   0x000fc9       data     extern C:\MCC18\src\traditional\proc\p18F4620.asm
                T2CONbits   0x000fca       data     extern C:\MCC18\src\traditional\proc\p18F4620.asm
                    T2CON   0x000fca       data     extern C:\MCC18\src\traditional\proc\p18F4620.asm
                      PR2   0x000fcb       data     extern C:\MCC18\src\traditional\proc\p18F4620.asm
                     TMR2   0x000fcc       data     extern C:\MCC18\src\traditional\proc\p18F4620.asm
                T1CONbits   0x000fcd       data     extern C:\MCC18\src\traditional\proc\p18F4620.asm
                    T1CON   0x000fcd       data     extern C:\MCC18\src\traditional\proc\p18F4620.asm
                    TMR1L   0x000fce       data     extern C:\MCC18\src\traditional\proc\p18F4620.asm
                    TMR1H   0x000fcf       data     extern C:\MCC18\src\traditional\proc\p18F4620.asm
                     RCON   0x000fd0       data     extern C:\MCC18\src\traditional\proc\p18F4620.asm
                 RCONbits   0x000fd0       data     extern C:\MCC18\src\traditional\proc\p18F4620.asm
                   WDTCON   0x000fd1       data     extern C:\MCC18\src\traditional\proc\p18F4620.asm
               WDTCONbits   0x000fd1       data     extern C:\MCC18\src\traditional\proc\p18F4620.asm
               LVDCONbits   0x000fd2       data     extern C:\MCC18\src\traditional\proc\p18F4620.asm
                   LVDCON   0x000fd2       data     extern C:\MCC18\src\traditional\proc\p18F4620.asm
              HLVDCONbits   0x000fd2       data     extern C:\MCC18\src\traditional\proc\p18F4620.asm
                  HLVDCON   0x000fd2       data     extern C:\MCC18\src\traditional\proc\p18F4620.asm
               OSCCONbits   0x000fd3       data     extern C:\MCC18\src\traditional\proc\p18F4620.asm
                   OSCCON   0x000fd3       data     extern C:\MCC18\src\traditional\proc\p18F4620.asm
                    DEBUG   0x000fd4       data     extern C:\MCC18\src\traditional\proc\p18F4620.asm
                    T0CON   0x000fd5       data     extern C:\MCC18\src\traditional\proc\p18F4620.asm
                T0CONbits   0x000fd5       data     extern C:\MCC18\src\traditional\proc\p18F4620.asm
                    TMR0L   0x000fd6       data     extern C:\MCC18\src\traditional\proc\p18F4620.asm
                    TMR0H   0x000fd7       data     extern C:\MCC18\src\traditional\proc\p18F4620.asm
                   STATUS   0x000fd8       data     extern C:\MCC18\src\traditional\proc\p18F4620.asm
               STATUSbits   0x000fd8       data     extern C:\MCC18\src\traditional\proc\p18F4620.asm
                    FSR2L   0x000fd9       data     extern C:\MCC18\src\traditional\proc\p18F4620.asm
                     FSR2   0x000fd9       data     extern C:\MCC18\src\traditional\proc\p18F4620.asm
                    FSR2H   0x000fda       data     extern C:\MCC18\src\traditional\proc\p18F4620.asm
                   PLUSW2   0x000fdb       data     extern C:\MCC18\src\traditional\proc\p18F4620.asm
                  PREINC2   0x000fdc       data     extern C:\MCC18\src\traditional\proc\p18F4620.asm
                 POSTDEC2   0x000fdd       data     extern C:\MCC18\src\traditional\proc\p18F4620.asm
                 POSTINC2   0x000fde       data     extern C:\MCC18\src\traditional\proc\p18F4620.asm
                    INDF2   0x000fdf       data     extern C:\MCC18\src\traditional\proc\p18F4620.asm
                      BSR   0x000fe0       data     extern C:\MCC18\src\traditional\proc\p18F4620.asm
                    FSR1L   0x000fe1       data     extern C:\MCC18\src\traditional\proc\p18F4620.asm
                     FSR1   0x000fe1       data     extern C:\MCC18\src\traditional\proc\p18F4620.asm
                    FSR1H   0x000fe2       data     extern C:\MCC18\src\traditional\proc\p18F4620.asm
                   PLUSW1   0x000fe3       data     extern C:\MCC18\src\traditional\proc\p18F4620.asm
                  PREINC1   0x000fe4       data     extern C:\MCC18\src\traditional\proc\p18F4620.asm
                 POSTDEC1   0x000fe5       data     extern C:\MCC18\src\traditional\proc\p18F4620.asm
                 POSTINC1   0x000fe6       data     extern C:\MCC18\src\traditional\proc\p18F4620.asm
                    INDF1   0x000fe7       data     extern C:\MCC18\src\traditional\proc\p18F4620.asm
                        W   0x000fe8       data     extern C:\MCC18\src\traditional\proc\p18F4620.asm
                     WREG   0x000fe8       data     extern C:\MCC18\src\traditional\proc\p18F4620.asm
                     FSR0   0x000fe9       data     extern C:\MCC18\src\traditional\proc\p18F4620.asm
                    FSR0L   0x000fe9       data     extern C:\MCC18\src\traditional\proc\p18F4620.asm
                    FSR0H   0x000fea       data     extern C:\MCC18\src\traditional\proc\p18F4620.asm
                   PLUSW0   0x000feb       data     extern C:\MCC18\src\traditional\proc\p18F4620.asm
                  PREINC0   0x000fec       data     extern C:\MCC18\src\traditional\proc\p18F4620.asm
                 POSTDEC0   0x000fed       data     extern C:\MCC18\src\traditional\proc\p18F4620.asm
                 POSTINC0   0x000fee       data     extern C:\MCC18\src\traditional\proc\p18F4620.asm
                    INDF0   0x000fef       data     extern C:\MCC18\src\traditional\proc\p18F4620.asm
                  INTCON3   0x000ff0       data     extern C:\MCC18\src\traditional\proc\p18F4620.asm
              INTCON3bits   0x000ff0       data     extern C:\MCC18\src\traditional\proc\p18F4620.asm
              INTCON2bits   0x000ff1       data     extern C:\MCC18\src\traditional\proc\p18F4620.asm
                  INTCON2   0x000ff1       data     extern C:\MCC18\src\traditional\proc\p18F4620.asm
                   INTCON   0x000ff2       data     extern C:\MCC18\src\traditional\proc\p18F4620.asm
               INTCONbits   0x000ff2       data     extern C:\MCC18\src\traditional\proc\p18F4620.asm
                     PROD   0x000ff3       data     extern C:\MCC18\src\traditional\proc\p18F4620.asm
                    PRODL   0x000ff3       data     extern C:\MCC18\src\traditional\proc\p18F4620.asm
                    PRODH   0x000ff4       data     extern C:\MCC18\src\traditional\proc\p18F4620.asm
                   TABLAT   0x000ff5       data     extern C:\MCC18\src\traditional\proc\p18F4620.asm
                  TBLPTRL   0x000ff6       data     extern C:\MCC18\src\traditional\proc\p18F4620.asm
                   TBLPTR   0x000ff6       data     extern C:\MCC18\src\traditional\proc\p18F4620.asm
                  TBLPTRH   0x000ff7       data     extern C:\MCC18\src\traditional\proc\p18F4620.asm
                  TBLPTRU   0x000ff8       data     extern C:\MCC18\src\traditional\proc\p18F4620.asm
                       PC   0x000ff9       data     extern C:\MCC18\src\traditional\proc\p18F4620.asm
                      PCL   0x000ff9       data     extern C:\MCC18\src\traditional\proc\p18F4620.asm
                   PCLATH   0x000ffa       data     extern C:\MCC18\src\traditional\proc\p18F4620.asm
                   PCLATU   0x000ffb       data     extern C:\MCC18\src\traditional\proc\p18F4620.asm
                   STKPTR   0x000ffc       data     extern C:\MCC18\src\traditional\proc\p18F4620.asm
               STKPTRbits   0x000ffc       data     extern C:\MCC18\src\traditional\proc\p18F4620.asm
                     TOSL   0x000ffd       data     extern C:\MCC18\src\traditional\proc\p18F4620.asm
                      TOS   0x000ffd       data     extern C:\MCC18\src\traditional\proc\p18F4620.asm
                     TOSH   0x000ffe       data     extern C:\MCC18\src\traditional\proc\p18F4620.asm
                     TOSU   0x000fff       data     extern C:\MCC18\src\traditional\proc\p18F4620.asm


